<?xml version="1.0" encoding="ISO-8859-1" ?>
<link_info>
   <banner>TMS320C2000 Linker PC v22.6.1.LTS</banner>
   <copyright>Copyright (c) 1996-2018 Texas Instruments Incorporated</copyright>
   <link_time>0x67f8797a</link_time>
   <link_errors>0x0</link_errors>
   <output_file>KF21_HMS_Arinc429_ver1p5.out</output_file>
   <entry_point>
      <name>code_start</name>
      <address>0x80000</address>
   </entry_point>
   <input_file_list>
      <input_file id="fl-2">
         <path>.\syscfg\</path>
         <kind>object</kind>
         <file>board.obj</file>
         <name>board.obj</name>
      </input_file>
      <input_file id="fl-3">
         <path>.\syscfg\</path>
         <kind>object</kind>
         <file>c2000ware_libraries.obj</file>
         <name>c2000ware_libraries.obj</name>
      </input_file>
      <input_file id="fl-4">
         <path>.\</path>
         <kind>object</kind>
         <file>HI_3587_arinc.obj</file>
         <name>HI_3587_arinc.obj</name>
      </input_file>
      <input_file id="fl-5">
         <path>.\</path>
         <kind>object</kind>
         <file>csu_Cbit.obj</file>
         <name>csu_Cbit.obj</name>
      </input_file>
      <input_file id="fl-6">
         <path>.\</path>
         <kind>object</kind>
         <file>csu_accelMeasurement.obj</file>
         <name>csu_accelMeasurement.obj</name>
      </input_file>
      <input_file id="fl-7">
         <path>.\</path>
         <kind>object</kind>
         <file>csu_angle_calculation.obj</file>
         <name>csu_angle_calculation.obj</name>
      </input_file>
      <input_file id="fl-8">
         <path>.\</path>
         <kind>object</kind>
         <file>csu_calibrationData.obj</file>
         <name>csu_calibrationData.obj</name>
      </input_file>
      <input_file id="fl-9">
         <path>.\</path>
         <kind>object</kind>
         <file>csu_calibration_mode.obj</file>
         <name>csu_calibration_mode.obj</name>
      </input_file>
      <input_file id="fl-a">
         <path>.\</path>
         <kind>object</kind>
         <file>csu_factory_mode.obj</file>
         <name>csu_factory_mode.obj</name>
      </input_file>
      <input_file id="fl-b">
         <path>.\</path>
         <kind>object</kind>
         <file>csu_fluxMeasurement.obj</file>
         <name>csu_fluxMeasurement.obj</name>
      </input_file>
      <input_file id="fl-c">
         <path>.\</path>
         <kind>object</kind>
         <file>csu_init.obj</file>
         <name>csu_init.obj</name>
      </input_file>
      <input_file id="fl-d">
         <path>.\</path>
         <kind>object</kind>
         <file>csu_mhs_Status_trans.obj</file>
         <name>csu_mhs_Status_trans.obj</name>
      </input_file>
      <input_file id="fl-e">
         <path>.\</path>
         <kind>object</kind>
         <file>csu_operation_mode.obj</file>
         <name>csu_operation_mode.obj</name>
      </input_file>
      <input_file id="fl-f">
         <path>.\</path>
         <kind>object</kind>
         <file>csu_status_mode.obj</file>
         <name>csu_status_mode.obj</name>
      </input_file>
      <input_file id="fl-10">
         <path>.\</path>
         <kind>object</kind>
         <file>csu_tempMeasurement.obj</file>
         <name>csu_tempMeasurement.obj</name>
      </input_file>
      <input_file id="fl-11">
         <path>.\</path>
         <kind>object</kind>
         <file>csu_test_status_trans.obj</file>
         <name>csu_test_status_trans.obj</name>
      </input_file>
      <input_file id="fl-12">
         <path>.\</path>
         <kind>object</kind>
         <file>csu_voltageMeasurement.obj</file>
         <name>csu_voltageMeasurement.obj</name>
      </input_file>
      <input_file id="fl-13">
         <path>.\</path>
         <kind>object</kind>
         <file>i2cLib_FIFO_master_interrupt.obj</file>
         <name>i2cLib_FIFO_master_interrupt.obj</name>
      </input_file>
      <input_file id="fl-14">
         <path>.\</path>
         <kind>object</kind>
         <file>i2c_ex6_eeprom_interrupt.obj</file>
         <name>i2c_ex6_eeprom_interrupt.obj</name>
      </input_file>
      <input_file id="fl-15">
         <path>.\</path>
         <kind>object</kind>
         <file>lib_mhsAdc.obj</file>
         <name>lib_mhsAdc.obj</name>
      </input_file>
      <input_file id="fl-16">
         <path>.\</path>
         <kind>object</kind>
         <file>lib_mhsEpwm.obj</file>
         <name>lib_mhsEpwm.obj</name>
      </input_file>
      <input_file id="fl-17">
         <path>.\</path>
         <kind>object</kind>
         <file>lib_mhsI2c.obj</file>
         <name>lib_mhsI2c.obj</name>
      </input_file>
      <input_file id="fl-18">
         <path>.\</path>
         <kind>object</kind>
         <file>lib_mhsStd.obj</file>
         <name>lib_mhsStd.obj</name>
      </input_file>
      <input_file id="fl-19">
         <path>.\</path>
         <kind>object</kind>
         <file>lib_mhsUart.obj</file>
         <name>lib_mhsUart.obj</name>
      </input_file>
      <input_file id="fl-1a">
         <path>.\</path>
         <kind>object</kind>
         <file>main.obj</file>
         <name>main.obj</name>
      </input_file>
      <input_file id="fl-1b">
         <path>.\device\</path>
         <kind>object</kind>
         <file>F2837xD_CodeStartBranch.obj</file>
         <name>F2837xD_CodeStartBranch.obj</name>
      </input_file>
      <input_file id="fl-1c">
         <path>.\device\</path>
         <kind>object</kind>
         <file>device.obj</file>
         <name>device.obj</name>
      </input_file>
      <input_file id="fl-21">
         <kind>object</kind>
         <file>&lt;internal&gt;</file>
         <name>&lt;internal&gt;</name>
      </input_file>
      <input_file id="fl-25">
         <path>C:\ti\c2000\C2000Ware_5_01_00_00\driverlib\f2837xd\driverlib\ccs\Debug\</path>
         <kind>archive</kind>
         <file>driverlib_coff.lib</file>
         <name>adc.obj</name>
      </input_file>
      <input_file id="fl-26">
         <path>C:\ti\c2000\C2000Ware_5_01_00_00\driverlib\f2837xd\driverlib\ccs\Debug\</path>
         <kind>archive</kind>
         <file>driverlib_coff.lib</file>
         <name>cputimer.obj</name>
      </input_file>
      <input_file id="fl-27">
         <path>C:\ti\c2000\C2000Ware_5_01_00_00\driverlib\f2837xd\driverlib\ccs\Debug\</path>
         <kind>archive</kind>
         <file>driverlib_coff.lib</file>
         <name>flash.obj</name>
      </input_file>
      <input_file id="fl-28">
         <path>C:\ti\c2000\C2000Ware_5_01_00_00\driverlib\f2837xd\driverlib\ccs\Debug\</path>
         <kind>archive</kind>
         <file>driverlib_coff.lib</file>
         <name>gpio.obj</name>
      </input_file>
      <input_file id="fl-29">
         <path>C:\ti\c2000\C2000Ware_5_01_00_00\driverlib\f2837xd\driverlib\ccs\Debug\</path>
         <kind>archive</kind>
         <file>driverlib_coff.lib</file>
         <name>i2c.obj</name>
      </input_file>
      <input_file id="fl-2a">
         <path>C:\ti\c2000\C2000Ware_5_01_00_00\driverlib\f2837xd\driverlib\ccs\Debug\</path>
         <kind>archive</kind>
         <file>driverlib_coff.lib</file>
         <name>interrupt.obj</name>
      </input_file>
      <input_file id="fl-2b">
         <path>C:\ti\c2000\C2000Ware_5_01_00_00\driverlib\f2837xd\driverlib\ccs\Debug\</path>
         <kind>archive</kind>
         <file>driverlib_coff.lib</file>
         <name>sci.obj</name>
      </input_file>
      <input_file id="fl-2c">
         <path>C:\ti\c2000\C2000Ware_5_01_00_00\driverlib\f2837xd\driverlib\ccs\Debug\</path>
         <kind>archive</kind>
         <file>driverlib_coff.lib</file>
         <name>spi.obj</name>
      </input_file>
      <input_file id="fl-2d">
         <path>C:\ti\c2000\C2000Ware_5_01_00_00\driverlib\f2837xd\driverlib\ccs\Debug\</path>
         <kind>archive</kind>
         <file>driverlib_coff.lib</file>
         <name>sysctl.obj</name>
      </input_file>
      <input_file id="fl-39">
         <path>C:\ti\ccs1120\ccs\tools\compiler\ti-cgt-c2000_22.6.1.LTS\lib\</path>
         <kind>archive</kind>
         <file>rts2800_fpu32.lib</file>
         <name>e_asinf.c.obj</name>
      </input_file>
      <input_file id="fl-3a">
         <path>C:\ti\ccs1120\ccs\tools\compiler\ti-cgt-c2000_22.6.1.LTS\lib\</path>
         <kind>archive</kind>
         <file>rts2800_fpu32.lib</file>
         <name>e_powf.c.obj</name>
      </input_file>
      <input_file id="fl-3b">
         <path>C:\ti\ccs1120\ccs\tools\compiler\ti-cgt-c2000_22.6.1.LTS\lib\</path>
         <kind>archive</kind>
         <file>rts2800_fpu32.lib</file>
         <name>e_sqrtf.c.obj</name>
      </input_file>
      <input_file id="fl-3c">
         <path>C:\ti\ccs1120\ccs\tools\compiler\ti-cgt-c2000_22.6.1.LTS\lib\</path>
         <kind>archive</kind>
         <file>rts2800_fpu32.lib</file>
         <name>s_atanf.c.obj</name>
      </input_file>
      <input_file id="fl-3d">
         <path>C:\ti\ccs1120\ccs\tools\compiler\ti-cgt-c2000_22.6.1.LTS\lib\</path>
         <kind>archive</kind>
         <file>rts2800_fpu32.lib</file>
         <name>s_cosf.c.obj</name>
      </input_file>
      <input_file id="fl-3e">
         <path>C:\ti\ccs1120\ccs\tools\compiler\ti-cgt-c2000_22.6.1.LTS\lib\</path>
         <kind>archive</kind>
         <file>rts2800_fpu32.lib</file>
         <name>s_scalbnf.c.obj</name>
      </input_file>
      <input_file id="fl-3f">
         <path>C:\ti\ccs1120\ccs\tools\compiler\ti-cgt-c2000_22.6.1.LTS\lib\</path>
         <kind>archive</kind>
         <file>rts2800_fpu32.lib</file>
         <name>e_sqrt.c.obj</name>
      </input_file>
      <input_file id="fl-40">
         <path>C:\ti\ccs1120\ccs\tools\compiler\ti-cgt-c2000_22.6.1.LTS\lib\</path>
         <kind>archive</kind>
         <file>rts2800_fpu32.lib</file>
         <name>s_fabs.c.obj</name>
      </input_file>
      <input_file id="fl-41">
         <path>C:\ti\ccs1120\ccs\tools\compiler\ti-cgt-c2000_22.6.1.LTS\lib\</path>
         <kind>archive</kind>
         <file>rts2800_fpu32.lib</file>
         <name>s_copysignf.c.obj</name>
      </input_file>
      <input_file id="fl-42">
         <path>C:\ti\ccs1120\ccs\tools\compiler\ti-cgt-c2000_22.6.1.LTS\lib\</path>
         <kind>archive</kind>
         <file>rts2800_fpu32.lib</file>
         <name>boot28.asm.obj</name>
      </input_file>
      <input_file id="fl-43">
         <path>C:\ti\ccs1120\ccs\tools\compiler\ti-cgt-c2000_22.6.1.LTS\lib\</path>
         <kind>archive</kind>
         <file>rts2800_fpu32.lib</file>
         <name>fd_add28.asm.obj</name>
      </input_file>
      <input_file id="fl-44">
         <path>C:\ti\ccs1120\ccs\tools\compiler\ti-cgt-c2000_22.6.1.LTS\lib\</path>
         <kind>archive</kind>
         <file>rts2800_fpu32.lib</file>
         <name>fd_cmp28.asm.obj</name>
      </input_file>
      <input_file id="fl-45">
         <path>C:\ti\ccs1120\ccs\tools\compiler\ti-cgt-c2000_22.6.1.LTS\lib\</path>
         <kind>archive</kind>
         <file>rts2800_fpu32.lib</file>
         <name>fd_mpy28.asm.obj</name>
      </input_file>
      <input_file id="fl-46">
         <path>C:\ti\ccs1120\ccs\tools\compiler\ti-cgt-c2000_22.6.1.LTS\lib\</path>
         <kind>archive</kind>
         <file>rts2800_fpu32.lib</file>
         <name>fd_sub28.asm.obj</name>
      </input_file>
      <input_file id="fl-47">
         <path>C:\ti\ccs1120\ccs\tools\compiler\ti-cgt-c2000_22.6.1.LTS\lib\</path>
         <kind>archive</kind>
         <file>rts2800_fpu32.lib</file>
         <name>fd_toi28.asm.obj</name>
      </input_file>
      <input_file id="fl-48">
         <path>C:\ti\ccs1120\ccs\tools\compiler\ti-cgt-c2000_22.6.1.LTS\lib\</path>
         <kind>archive</kind>
         <file>rts2800_fpu32.lib</file>
         <name>fd_tol28.asm.obj</name>
      </input_file>
      <input_file id="fl-49">
         <path>C:\ti\ccs1120\ccs\tools\compiler\ti-cgt-c2000_22.6.1.LTS\lib\</path>
         <kind>archive</kind>
         <file>rts2800_fpu32.lib</file>
         <name>fd_tou28.asm.obj</name>
      </input_file>
      <input_file id="fl-4a">
         <path>C:\ti\ccs1120\ccs\tools\compiler\ti-cgt-c2000_22.6.1.LTS\lib\</path>
         <kind>archive</kind>
         <file>rts2800_fpu32.lib</file>
         <name>fd_toul28.asm.obj</name>
      </input_file>
      <input_file id="fl-4b">
         <path>C:\ti\ccs1120\ccs\tools\compiler\ti-cgt-c2000_22.6.1.LTS\lib\</path>
         <kind>archive</kind>
         <file>rts2800_fpu32.lib</file>
         <name>fs_div28.asm.obj</name>
      </input_file>
      <input_file id="fl-4c">
         <path>C:\ti\ccs1120\ccs\tools\compiler\ti-cgt-c2000_22.6.1.LTS\lib\</path>
         <kind>archive</kind>
         <file>rts2800_fpu32.lib</file>
         <name>ll_aox28.asm.obj</name>
      </input_file>
      <input_file id="fl-4d">
         <path>C:\ti\ccs1120\ccs\tools\compiler\ti-cgt-c2000_22.6.1.LTS\lib\</path>
         <kind>archive</kind>
         <file>rts2800_fpu32.lib</file>
         <name>i_tofd28.asm.obj</name>
      </input_file>
      <input_file id="fl-4e">
         <path>C:\ti\ccs1120\ccs\tools\compiler\ti-cgt-c2000_22.6.1.LTS\lib\</path>
         <kind>archive</kind>
         <file>rts2800_fpu32.lib</file>
         <name>u_div28.asm.obj</name>
      </input_file>
      <input_file id="fl-4f">
         <path>C:\ti\ccs1120\ccs\tools\compiler\ti-cgt-c2000_22.6.1.LTS\lib\</path>
         <kind>archive</kind>
         <file>rts2800_fpu32.lib</file>
         <name>u_tofd28.asm.obj</name>
      </input_file>
      <input_file id="fl-50">
         <path>C:\ti\ccs1120\ccs\tools\compiler\ti-cgt-c2000_22.6.1.LTS\lib\</path>
         <kind>archive</kind>
         <file>rts2800_fpu32.lib</file>
         <name>l_div28.asm.obj</name>
      </input_file>
      <input_file id="fl-51">
         <path>C:\ti\ccs1120\ccs\tools\compiler\ti-cgt-c2000_22.6.1.LTS\lib\</path>
         <kind>archive</kind>
         <file>rts2800_fpu32.lib</file>
         <name>fs_tofdfpu32.asm.obj</name>
      </input_file>
      <input_file id="fl-52">
         <path>C:\ti\ccs1120\ccs\tools\compiler\ti-cgt-c2000_22.6.1.LTS\lib\</path>
         <kind>archive</kind>
         <file>rts2800_fpu32.lib</file>
         <name>fd_tofsfpu32.asm.obj</name>
      </input_file>
      <input_file id="fl-53">
         <path>C:\ti\ccs1120\ccs\tools\compiler\ti-cgt-c2000_22.6.1.LTS\lib\</path>
         <kind>archive</kind>
         <file>rts2800_fpu32.lib</file>
         <name>fd_div28.asm.obj</name>
      </input_file>
      <input_file id="fl-54">
         <path>C:\ti\ccs1120\ccs\tools\compiler\ti-cgt-c2000_22.6.1.LTS\lib\</path>
         <kind>archive</kind>
         <file>rts2800_fpu32.lib</file>
         <name>cpy_tbl.c.obj</name>
      </input_file>
      <input_file id="fl-55">
         <path>C:\ti\ccs1120\ccs\tools\compiler\ti-cgt-c2000_22.6.1.LTS\lib\</path>
         <kind>archive</kind>
         <file>rts2800_fpu32.lib</file>
         <name>memcpy.c.obj</name>
      </input_file>
      <input_file id="fl-56">
         <path>C:\ti\ccs1120\ccs\tools\compiler\ti-cgt-c2000_22.6.1.LTS\lib\</path>
         <kind>archive</kind>
         <file>rts2800_fpu32.lib</file>
         <name>pre_init.c.obj</name>
      </input_file>
      <input_file id="fl-57">
         <path>C:\ti\ccs1120\ccs\tools\compiler\ti-cgt-c2000_22.6.1.LTS\lib\</path>
         <kind>archive</kind>
         <file>rts2800_fpu32.lib</file>
         <name>startup.c.obj</name>
      </input_file>
      <input_file id="fl-58">
         <path>C:\ti\ccs1120\ccs\tools\compiler\ti-cgt-c2000_22.6.1.LTS\lib\</path>
         <kind>archive</kind>
         <file>rts2800_fpu32.lib</file>
         <name>exit.c.obj</name>
      </input_file>
      <input_file id="fl-59">
         <path>C:\ti\ccs1120\ccs\tools\compiler\ti-cgt-c2000_22.6.1.LTS\lib\</path>
         <kind>archive</kind>
         <file>rts2800_fpu32.lib</file>
         <name>_lock.c.obj</name>
      </input_file>
      <input_file id="fl-5a">
         <path>C:\ti\ccs1120\ccs\tools\compiler\ti-cgt-c2000_22.6.1.LTS\lib\</path>
         <kind>archive</kind>
         <file>rts2800_fpu32.lib</file>
         <name>args_main.c.obj</name>
      </input_file>
      <input_file id="fl-5b">
         <path>C:\ti\ccs1120\ccs\tools\compiler\ti-cgt-c2000_22.6.1.LTS\lib\</path>
         <kind>archive</kind>
         <file>rts2800_fpu32.lib</file>
         <name>strcat.c.obj</name>
      </input_file>
      <input_file id="fl-5c">
         <path>C:\ti\ccs1120\ccs\tools\compiler\ti-cgt-c2000_22.6.1.LTS\lib\</path>
         <kind>archive</kind>
         <file>rts2800_fpu32.lib</file>
         <name>strlen.c.obj</name>
      </input_file>
      <input_file id="fl-5d">
         <path>C:\ti\ccs1120\ccs\tools\compiler\ti-cgt-c2000_22.6.1.LTS\lib\</path>
         <kind>archive</kind>
         <file>rts2800_fpu32.lib</file>
         <name>errno.c.obj</name>
      </input_file>
   </input_file_list>
   <object_component_list>
      <object_component id="oc-53">
         <name>.cinit</name>
         <load_address>0x80008</load_address>
         <run_address>0x80008</run_address>
         <size>0x40</size>
         <input_file_ref idref="fl-9"/>
      </object_component>
      <object_component id="oc-236">
         <name>.cinit:_gConstant_B</name>
         <load_address>0x80048</load_address>
         <run_address>0x80048</run_address>
         <size>0x27</size>
         <input_file_ref idref="fl-b"/>
      </object_component>
      <object_component id="oc-64">
         <name>.cinit</name>
         <load_address>0x8006f</load_address>
         <run_address>0x8006f</run_address>
         <size>0x15</size>
         <input_file_ref idref="fl-b"/>
      </object_component>
      <object_component id="oc-234">
         <name>.cinit:_gConstant_A</name>
         <load_address>0x80084</load_address>
         <run_address>0x80084</run_address>
         <size>0x13</size>
         <input_file_ref idref="fl-6"/>
      </object_component>
      <object_component id="oc-4b">
         <name>.cinit</name>
         <load_address>0x80097</load_address>
         <run_address>0x80097</run_address>
         <size>0x10</size>
         <input_file_ref idref="fl-8"/>
      </object_component>
      <object_component id="oc-d9">
         <name>.cinit</name>
         <load_address>0x800a7</load_address>
         <run_address>0x800a7</run_address>
         <size>0xf</size>
         <input_file_ref idref="fl-1c"/>
      </object_component>
      <object_component id="oc-3c">
         <name>.cinit</name>
         <load_address>0x800b6</load_address>
         <run_address>0x800b6</run_address>
         <size>0xe</size>
         <input_file_ref idref="fl-6"/>
      </object_component>
      <object_component id="oc-1ba">
         <name>.cinit</name>
         <load_address>0x800c4</load_address>
         <run_address>0x800c4</run_address>
         <size>0xe</size>
         <input_file_ref idref="fl-58"/>
      </object_component>
      <object_component id="oc-c2">
         <name>.cinit</name>
         <load_address>0x800d2</load_address>
         <run_address>0x800d2</run_address>
         <size>0x8</size>
         <input_file_ref idref="fl-19"/>
      </object_component>
      <object_component id="oc-43">
         <name>.cinit</name>
         <load_address>0x800da</load_address>
         <run_address>0x800da</run_address>
         <size>0x7</size>
         <input_file_ref idref="fl-7"/>
      </object_component>
      <object_component id="oc-203">
         <name>.cinit:__lock</name>
         <load_address>0x800e1</load_address>
         <run_address>0x800e1</run_address>
         <size>0x5</size>
         <input_file_ref idref="fl-59"/>
      </object_component>
      <object_component id="oc-21a">
         <name>.cinit:__unlock</name>
         <load_address>0x800e6</load_address>
         <run_address>0x800e6</run_address>
         <size>0x5</size>
         <input_file_ref idref="fl-59"/>
      </object_component>
      <object_component id="oc-1de">
         <name>.cinit:_ema</name>
         <load_address>0x800eb</load_address>
         <run_address>0x800eb</run_address>
         <size>0x4</size>
         <input_file_ref idref="fl-15"/>
      </object_component>
      <object_component id="oc-1e2">
         <name>.cinit:_rDataPointA</name>
         <load_address>0x800ef</load_address>
         <run_address>0x800ef</run_address>
         <size>0x4</size>
         <input_file_ref idref="fl-19"/>
      </object_component>
      <object_component id="oc-5b">
         <name>.cinit</name>
         <load_address>0x800f3</load_address>
         <run_address>0x800f3</run_address>
         <size>0x4</size>
         <input_file_ref idref="fl-a"/>
      </object_component>
      <object_component id="oc-b4">
         <name>.cinit</name>
         <load_address>0x800f7</load_address>
         <run_address>0x800f7</run_address>
         <size>0x4</size>
         <input_file_ref idref="fl-17"/>
      </object_component>
      <object_component id="oc-1d5">
         <name>.cinit</name>
         <load_address>0x800fb</load_address>
         <run_address>0x800fb</run_address>
         <size>0x4</size>
         <input_file_ref idref="fl-5d"/>
      </object_component>
      <object_component id="oc-217">
         <name>.text</name>
         <load_address>0x82000</load_address>
         <run_address>0x82000</run_address>
         <size>0xacb</size>
         <input_file_ref idref="fl-a"/>
      </object_component>
      <object_component id="oc-1d8">
         <name>.text</name>
         <load_address>0x82acb</load_address>
         <run_address>0x82acb</run_address>
         <size>0x4c3</size>
         <input_file_ref idref="fl-13"/>
      </object_component>
      <object_component id="oc-20d">
         <name>.text</name>
         <load_address>0x82f8e</load_address>
         <run_address>0x82f8e</run_address>
         <size>0x438</size>
         <input_file_ref idref="fl-2"/>
      </object_component>
      <object_component id="oc-1eb">
         <name>.text</name>
         <load_address>0x833c6</load_address>
         <run_address>0x833c6</run_address>
         <size>0x3f9</size>
         <input_file_ref idref="fl-1c"/>
      </object_component>
      <object_component id="oc-28c">
         <name>.text</name>
         <load_address>0x837bf</load_address>
         <run_address>0x837bf</run_address>
         <size>0x38c</size>
         <input_file_ref idref="fl-3a"/>
      </object_component>
      <object_component id="oc-1fe">
         <name>.text</name>
         <load_address>0x83b4b</load_address>
         <run_address>0x83b4b</run_address>
         <size>0x345</size>
         <input_file_ref idref="fl-8"/>
      </object_component>
      <object_component id="oc-1ff">
         <name>.text</name>
         <load_address>0x83e90</load_address>
         <run_address>0x83e90</run_address>
         <size>0x16b</size>
         <input_file_ref idref="fl-4"/>
      </object_component>
      <object_component id="oc-230">
         <name>.text:_Interrupt_illegalOperationHandler</name>
         <load_address>0x83ffb</load_address>
         <run_address>0x83ffb</run_address>
         <size>0x2</size>
         <input_file_ref idref="fl-2a"/>
      </object_component>
      <object_component id="oc-22f">
         <name>.text:_Interrupt_nmiHandler</name>
         <load_address>0x83ffd</load_address>
         <run_address>0x83ffd</run_address>
         <size>0x2</size>
         <input_file_ref idref="fl-2a"/>
      </object_component>
      <object_component id="oc-1e8">
         <name>.text</name>
         <load_address>0x83fff</load_address>
         <run_address>0x83fff</run_address>
         <size>0x1</size>
         <input_file_ref idref="fl-57"/>
      </object_component>
      <object_component id="oc-1dc">
         <name>.text</name>
         <load_address>0x84000</load_address>
         <run_address>0x84000</run_address>
         <size>0x309</size>
         <input_file_ref idref="fl-15"/>
      </object_component>
      <object_component id="oc-27b">
         <name>.text</name>
         <load_address>0x84309</load_address>
         <run_address>0x84309</run_address>
         <size>0x236</size>
         <input_file_ref idref="fl-7"/>
      </object_component>
      <object_component id="oc-206">
         <name>.text:_SysCtl_setClock</name>
         <load_address>0x8453f</load_address>
         <run_address>0x8453f</run_address>
         <size>0x206</size>
         <input_file_ref idref="fl-2d"/>
      </object_component>
      <object_component id="oc-a5">
         <name>.text:retain</name>
         <load_address>0x84745</load_address>
         <run_address>0x84745</run_address>
         <size>0x1f7</size>
         <input_file_ref idref="fl-15"/>
      </object_component>
      <object_component id="oc-216">
         <name>.text</name>
         <load_address>0x8493c</load_address>
         <run_address>0x8493c</run_address>
         <size>0x1cc</size>
         <input_file_ref idref="fl-9"/>
      </object_component>
      <object_component id="oc-1db">
         <name>.text</name>
         <load_address>0x84b08</load_address>
         <run_address>0x84b08</run_address>
         <size>0x1c6</size>
         <input_file_ref idref="fl-14"/>
      </object_component>
      <object_component id="oc-1df">
         <name>.text</name>
         <load_address>0x84cce</load_address>
         <run_address>0x84cce</run_address>
         <size>0x1af</size>
         <input_file_ref idref="fl-16"/>
      </object_component>
      <object_component id="oc-1fd">
         <name>.text</name>
         <load_address>0x84e7d</load_address>
         <run_address>0x84e7d</run_address>
         <size>0x180</size>
         <input_file_ref idref="fl-c"/>
      </object_component>
      <object_component id="oc-24c">
         <name>.text</name>
         <load_address>0x84ffd</load_address>
         <run_address>0x84ffd</run_address>
         <size>0x17a</size>
         <input_file_ref idref="fl-11"/>
      </object_component>
      <object_component id="oc-24a">
         <name>.text</name>
         <load_address>0x85177</load_address>
         <run_address>0x85177</run_address>
         <size>0x176</size>
         <input_file_ref idref="fl-18"/>
      </object_component>
      <object_component id="oc-23a">
         <name>.text</name>
         <load_address>0x852ed</load_address>
         <run_address>0x852ed</run_address>
         <size>0x12f</size>
         <input_file_ref idref="fl-d"/>
      </object_component>
      <object_component id="oc-214">
         <name>.text</name>
         <load_address>0x8541c</load_address>
         <run_address>0x8541c</run_address>
         <size>0x12d</size>
         <input_file_ref idref="fl-b"/>
      </object_component>
      <object_component id="oc-28a">
         <name>.text</name>
         <load_address>0x85549</load_address>
         <run_address>0x85549</run_address>
         <size>0xf5</size>
         <input_file_ref idref="fl-39"/>
      </object_component>
      <object_component id="oc-1e5">
         <name>.text</name>
         <load_address>0x8563e</load_address>
         <run_address>0x8563e</run_address>
         <size>0xcf</size>
         <input_file_ref idref="fl-1a"/>
      </object_component>
      <object_component id="oc-28e">
         <name>.text</name>
         <load_address>0x8570d</load_address>
         <run_address>0x8570d</run_address>
         <size>0xca</size>
         <input_file_ref idref="fl-3c"/>
      </object_component>
      <object_component id="oc-239">
         <name>.text</name>
         <load_address>0x857d7</load_address>
         <run_address>0x857d7</run_address>
         <size>0xc6</size>
         <input_file_ref idref="fl-5"/>
      </object_component>
      <object_component id="oc-150">
         <name>.text</name>
         <load_address>0x8589d</load_address>
         <run_address>0x8589d</run_address>
         <size>0x9c</size>
         <input_file_ref idref="fl-43"/>
      </object_component>
      <object_component id="oc-237">
         <name>.text</name>
         <load_address>0x85939</load_address>
         <run_address>0x85939</run_address>
         <size>0x97</size>
         <input_file_ref idref="fl-12"/>
      </object_component>
      <object_component id="oc-c4">
         <name>.text:retain</name>
         <load_address>0x859d0</load_address>
         <run_address>0x859d0</run_address>
         <size>0x94</size>
         <input_file_ref idref="fl-19"/>
      </object_component>
      <object_component id="oc-20e">
         <name>.text</name>
         <load_address>0x85a64</load_address>
         <run_address>0x85a64</run_address>
         <size>0x93</size>
         <input_file_ref idref="fl-17"/>
      </object_component>
      <object_component id="oc-297">
         <name>.text</name>
         <load_address>0x85af8</load_address>
         <run_address>0x85af8</run_address>
         <size>0x92</size>
         <input_file_ref idref="fl-3f"/>
      </object_component>
      <object_component id="oc-213">
         <name>.text</name>
         <load_address>0x85b8a</load_address>
         <run_address>0x85b8a</run_address>
         <size>0x90</size>
         <input_file_ref idref="fl-6"/>
      </object_component>
      <object_component id="oc-1a0">
         <name>.text</name>
         <load_address>0x85c1a</load_address>
         <run_address>0x85c1a</run_address>
         <size>0x8b</size>
         <input_file_ref idref="fl-53"/>
      </object_component>
      <object_component id="oc-27d">
         <name>.text:_SysCtl_selectXTAL</name>
         <load_address>0x85ca5</load_address>
         <run_address>0x85ca5</run_address>
         <size>0x8a</size>
         <input_file_ref idref="fl-2d"/>
      </object_component>
      <object_component id="oc-200">
         <name>.text</name>
         <load_address>0x85d2f</load_address>
         <run_address>0x85d2f</run_address>
         <size>0x88</size>
         <input_file_ref idref="fl-f"/>
      </object_component>
      <object_component id="oc-178">
         <name>.text</name>
         <load_address>0x85db7</load_address>
         <run_address>0x85db7</run_address>
         <size>0x88</size>
         <input_file_ref idref="fl-4b"/>
      </object_component>
      <object_component id="oc-15a">
         <name>.text</name>
         <load_address>0x85e3f</load_address>
         <run_address>0x85e3f</run_address>
         <size>0x83</size>
         <input_file_ref idref="fl-45"/>
      </object_component>
      <object_component id="oc-9e">
         <name>.text:retain</name>
         <load_address>0x85ec2</load_address>
         <run_address>0x85ec2</run_address>
         <size>0x82</size>
         <input_file_ref idref="fl-14"/>
      </object_component>
      <object_component id="oc-232">
         <name>.text:_Interrupt_clearIFR</name>
         <load_address>0x85f44</load_address>
         <run_address>0x85f44</run_address>
         <size>0x7f</size>
         <input_file_ref idref="fl-2a"/>
      </object_component>
      <object_component id="oc-20f">
         <name>.text:_Interrupt_initModule</name>
         <load_address>0x85fc3</load_address>
         <run_address>0x85fc3</run_address>
         <size>0x3d</size>
         <input_file_ref idref="fl-2a"/>
      </object_component>
      <object_component id="oc-20b">
         <name>.text:_ADC_setINLTrim</name>
         <load_address>0x86128</load_address>
         <run_address>0x86128</run_address>
         <size>0x6f</size>
         <input_file_ref idref="fl-25"/>
      </object_component>
      <object_component id="oc-218">
         <name>.text</name>
         <load_address>0x86197</load_address>
         <run_address>0x86197</run_address>
         <size>0x6e</size>
         <input_file_ref idref="fl-e"/>
      </object_component>
      <object_component id="oc-205">
         <name>.text:_SysCtl_getDeviceParametric</name>
         <load_address>0x86205</load_address>
         <run_address>0x86205</run_address>
         <size>0x68</size>
         <input_file_ref idref="fl-2d"/>
      </object_component>
      <object_component id="oc-1f6">
         <name>.text:_I2C_initController</name>
         <load_address>0x8626d</load_address>
         <run_address>0x8626d</run_address>
         <size>0x64</size>
         <input_file_ref idref="fl-29"/>
      </object_component>
      <object_component id="oc-28b">
         <name>.text</name>
         <load_address>0x862d1</load_address>
         <run_address>0x862d1</run_address>
         <size>0x63</size>
         <input_file_ref idref="fl-3d"/>
      </object_component>
      <object_component id="oc-20c">
         <name>.text:_ADC_setOffsetTrim</name>
         <load_address>0x86334</load_address>
         <run_address>0x86334</run_address>
         <size>0x60</size>
         <input_file_ref idref="fl-25"/>
      </object_component>
      <object_component id="oc-22c">
         <name>.text:_SPI_setConfig</name>
         <load_address>0x86394</load_address>
         <run_address>0x86394</run_address>
         <size>0x5c</size>
         <input_file_ref idref="fl-2c"/>
      </object_component>
      <object_component id="oc-29b">
         <name>.text</name>
         <load_address>0x863f0</load_address>
         <run_address>0x863f0</run_address>
         <size>0x58</size>
         <input_file_ref idref="fl-3e"/>
      </object_component>
      <object_component id="oc-149">
         <name>.text</name>
         <load_address>0x86448</load_address>
         <run_address>0x86448</run_address>
         <size>0x56</size>
         <input_file_ref idref="fl-42"/>
      </object_component>
      <object_component id="oc-1f2">
         <name>.text:_GPIO_setPadConfig</name>
         <load_address>0x8649e</load_address>
         <run_address>0x8649e</run_address>
         <size>0x52</size>
         <input_file_ref idref="fl-28"/>
      </object_component>
      <object_component id="oc-207">
         <name>.text:_SysCtl_getClock</name>
         <load_address>0x864f0</load_address>
         <run_address>0x864f0</run_address>
         <size>0x51</size>
         <input_file_ref idref="fl-2d"/>
      </object_component>
      <object_component id="oc-212">
         <name>.text:_Interrupt_disable</name>
         <load_address>0x86541</load_address>
         <run_address>0x86541</run_address>
         <size>0x4e</size>
         <input_file_ref idref="fl-2a"/>
      </object_component>
      <object_component id="oc-238">
         <name>.text</name>
         <load_address>0x8658f</load_address>
         <run_address>0x8658f</run_address>
         <size>0x4a</size>
         <input_file_ref idref="fl-10"/>
      </object_component>
      <object_component id="oc-227">
         <name>.text:_SysCtl_selectOscSource</name>
         <load_address>0x865d9</load_address>
         <run_address>0x865d9</run_address>
         <size>0x48</size>
         <input_file_ref idref="fl-2d"/>
      </object_component>
      <object_component id="oc-1e4">
         <name>.text:_SCI_clearInterruptStatus</name>
         <load_address>0x86621</load_address>
         <run_address>0x86621</run_address>
         <size>0x45</size>
         <input_file_ref idref="fl-2b"/>
      </object_component>
      <object_component id="oc-22b">
         <name>.text:_SCI_enableInterrupt</name>
         <load_address>0x86666</load_address>
         <run_address>0x86666</run_address>
         <size>0x44</size>
         <input_file_ref idref="fl-2b"/>
      </object_component>
      <object_component id="oc-24b">
         <name>.text:_SCI_writeCharArray</name>
         <load_address>0x866aa</load_address>
         <run_address>0x866aa</run_address>
         <size>0x41</size>
         <input_file_ref idref="fl-2b"/>
      </object_component>
      <object_component id="oc-22a">
         <name>.text:_SCI_setConfig</name>
         <load_address>0x866eb</load_address>
         <run_address>0x866eb</run_address>
         <size>0x3e</size>
         <input_file_ref idref="fl-2b"/>
      </object_component>
      <object_component id="oc-1e0">
         <name>.text:_SCI_readCharArray</name>
         <load_address>0x86729</load_address>
         <run_address>0x86729</run_address>
         <size>0x3b</size>
         <input_file_ref idref="fl-2b"/>
      </object_component>
      <object_component id="oc-1f3">
         <name>.text:_GPIO_setControllerCore</name>
         <load_address>0x86764</load_address>
         <run_address>0x86764</run_address>
         <size>0x37</size>
         <input_file_ref idref="fl-28"/>
      </object_component>
      <object_component id="oc-1f5">
         <name>.text:_GPIO_setPinConfig</name>
         <load_address>0x8679b</load_address>
         <run_address>0x8679b</run_address>
         <size>0x37</size>
         <input_file_ref idref="fl-28"/>
      </object_component>
      <object_component id="oc-1f4">
         <name>.text:_GPIO_setQualificationMode</name>
         <load_address>0x867d2</load_address>
         <run_address>0x867d2</run_address>
         <size>0x37</size>
         <input_file_ref idref="fl-28"/>
      </object_component>
      <object_component id="oc-211">
         <name>.text:_Interrupt_enable</name>
         <load_address>0x86809</load_address>
         <run_address>0x86809</run_address>
         <size>0x37</size>
         <input_file_ref idref="fl-2a"/>
      </object_component>
      <object_component id="oc-cc">
         <name>.text:retain</name>
         <load_address>0x86840</load_address>
         <run_address>0x86840</run_address>
         <size>0x35</size>
         <input_file_ref idref="fl-1a"/>
      </object_component>
      <object_component id="oc-1e3">
         <name>.text</name>
         <load_address>0x86875</load_address>
         <run_address>0x86875</run_address>
         <size>0x34</size>
         <input_file_ref idref="fl-19"/>
      </object_component>
      <object_component id="oc-ad">
         <name>.text:retain</name>
         <load_address>0x868a9</load_address>
         <run_address>0x868a9</run_address>
         <size>0x32</size>
         <input_file_ref idref="fl-16"/>
      </object_component>
      <object_component id="oc-1f1">
         <name>.text:_GPIO_setDirectionMode</name>
         <load_address>0x868db</load_address>
         <run_address>0x868db</run_address>
         <size>0x31</size>
         <input_file_ref idref="fl-28"/>
      </object_component>
      <object_component id="oc-1f7">
         <name>.text:_ADC_setMode</name>
         <load_address>0x8690c</load_address>
         <run_address>0x8690c</run_address>
         <size>0x2f</size>
         <input_file_ref idref="fl-25"/>
      </object_component>
      <object_component id="oc-1ec">
         <name>.text:_I2C_disableInterrupt</name>
         <load_address>0x8693b</load_address>
         <run_address>0x8693b</run_address>
         <size>0x2c</size>
         <input_file_ref idref="fl-29"/>
      </object_component>
      <object_component id="oc-1d9">
         <name>.text:_I2C_enableInterrupt</name>
         <load_address>0x86967</load_address>
         <run_address>0x86967</run_address>
         <size>0x2b</size>
         <input_file_ref idref="fl-29"/>
      </object_component>
      <object_component id="oc-155">
         <name>.text</name>
         <load_address>0x86992</load_address>
         <run_address>0x86992</run_address>
         <size>0x2a</size>
         <input_file_ref idref="fl-44"/>
      </object_component>
      <object_component id="oc-191">
         <name>.text</name>
         <load_address>0x869bc</load_address>
         <run_address>0x869bc</run_address>
         <size>0x2a</size>
         <input_file_ref idref="fl-50"/>
      </object_component>
      <object_component id="oc-1ea">
         <name>.text</name>
         <load_address>0x869e6</load_address>
         <run_address>0x869e6</run_address>
         <size>0x29</size>
         <input_file_ref idref="fl-58"/>
      </object_component>
      <object_component id="oc-28d">
         <name>.text</name>
         <load_address>0x86a10</load_address>
         <run_address>0x86a10</run_address>
         <size>0x27</size>
         <input_file_ref idref="fl-3b"/>
      </object_component>
      <object_component id="oc-21d">
         <name>.text:_Flash_setBankPowerUpDelay</name>
         <load_address>0x86a37</load_address>
         <run_address>0x86a37</run_address>
         <size>0x26</size>
         <input_file_ref idref="fl-27"/>
      </object_component>
      <object_component id="oc-1e7">
         <name>.text</name>
         <load_address>0x86a5d</load_address>
         <run_address>0x86a5d</run_address>
         <size>0x24</size>
         <input_file_ref idref="fl-54"/>
      </object_component>
      <object_component id="oc-19b">
         <name>.text</name>
         <load_address>0x86a81</load_address>
         <run_address>0x86a81</run_address>
         <size>0x23</size>
         <input_file_ref idref="fl-52"/>
      </object_component>
      <object_component id="oc-292">
         <name>.text:_CPUTimer_selectClockSource</name>
         <load_address>0x86aa4</load_address>
         <run_address>0x86aa4</run_address>
         <size>0x21</size>
         <input_file_ref idref="fl-2d"/>
      </object_component>
      <object_component id="oc-1da">
         <name>.text:_I2C_clearInterruptStatus</name>
         <load_address>0x86ac5</load_address>
         <run_address>0x86ac5</run_address>
         <size>0x21</size>
         <input_file_ref idref="fl-29"/>
      </object_component>
      <object_component id="oc-1ef">
         <name>.text:_I2C_getInterruptStatus</name>
         <load_address>0x86ae6</load_address>
         <run_address>0x86ae6</run_address>
         <size>0x21</size>
         <input_file_ref idref="fl-29"/>
      </object_component>
      <object_component id="oc-164">
         <name>.text</name>
         <load_address>0x86b07</load_address>
         <run_address>0x86b07</run_address>
         <size>0x21</size>
         <input_file_ref idref="fl-47"/>
      </object_component>
      <object_component id="oc-1f9">
         <name>.text:_SCI_isFIFOEnabled</name>
         <load_address>0x86b28</load_address>
         <run_address>0x86b28</run_address>
         <size>0x20</size>
         <input_file_ref idref="fl-2b"/>
      </object_component>
      <object_component id="oc-2a0">
         <name>.text:_CPUTimer_getTimerOverflowStatus</name>
         <load_address>0x86b48</load_address>
         <run_address>0x86b48</run_address>
         <size>0x1f</size>
         <input_file_ref idref="fl-2d"/>
      </object_component>
      <object_component id="oc-169">
         <name>.text</name>
         <load_address>0x86b67</load_address>
         <run_address>0x86b67</run_address>
         <size>0x1f</size>
         <input_file_ref idref="fl-48"/>
      </object_component>
      <object_component id="oc-210">
         <name>.text:_Interrupt_initVectorTable</name>
         <load_address>0x86b86</load_address>
         <run_address>0x86b86</run_address>
         <size>0x1e</size>
         <input_file_ref idref="fl-2a"/>
      </object_component>
      <object_component id="oc-182">
         <name>.text</name>
         <load_address>0x86ba4</load_address>
         <run_address>0x86ba4</run_address>
         <size>0x1d</size>
         <input_file_ref idref="fl-4d"/>
      </object_component>
      <object_component id="oc-201">
         <name>.text</name>
         <load_address>0x86bc1</load_address>
         <run_address>0x86bc1</run_address>
         <size>0x1d</size>
         <input_file_ref idref="fl-55"/>
      </object_component>
      <object_component id="oc-196">
         <name>.text</name>
         <load_address>0x86bde</load_address>
         <run_address>0x86bde</run_address>
         <size>0x1c</size>
         <input_file_ref idref="fl-51"/>
      </object_component>
      <object_component id="oc-20a">
         <name>.text:_ADC_isBaseValid</name>
         <load_address>0x86bfa</load_address>
         <run_address>0x86bfa</run_address>
         <size>0x1b</size>
         <input_file_ref idref="fl-25"/>
      </object_component>
      <object_component id="oc-1f8">
         <name>.text:_SCI_isBaseValid</name>
         <load_address>0x86c15</load_address>
         <run_address>0x86c15</run_address>
         <size>0x1b</size>
         <input_file_ref idref="fl-2b"/>
      </object_component>
      <object_component id="oc-173">
         <name>.text</name>
         <load_address>0x86c30</load_address>
         <run_address>0x86c30</run_address>
         <size>0x1b</size>
         <input_file_ref idref="fl-4a"/>
      </object_component>
      <object_component id="oc-294">
         <name>.text:_CPUTimer_startTimer</name>
         <load_address>0x86c4b</load_address>
         <run_address>0x86c4b</run_address>
         <size>0x1a</size>
         <input_file_ref idref="fl-2d"/>
      </object_component>
      <object_component id="oc-1fb">
         <name>.text:_SCI_isDataAvailableNonFIFO</name>
         <load_address>0x86c65</load_address>
         <run_address>0x86c65</run_address>
         <size>0x1a</size>
         <input_file_ref idref="fl-2b"/>
      </object_component>
      <object_component id="oc-284">
         <name>.text:_SCI_isSpaceAvailableNonFIFO</name>
         <load_address>0x86c7f</load_address>
         <run_address>0x86c7f</run_address>
         <size>0x1a</size>
         <input_file_ref idref="fl-2b"/>
      </object_component>
      <object_component id="oc-208">
         <name>.text:_SysCtl_getLowSpeedClock</name>
         <load_address>0x86c99</load_address>
         <run_address>0x86c99</run_address>
         <size>0x1a</size>
         <input_file_ref idref="fl-2d"/>
      </object_component>
      <object_component id="oc-16e">
         <name>.text</name>
         <load_address>0x86cb3</load_address>
         <run_address>0x86cb3</run_address>
         <size>0x1a</size>
         <input_file_ref idref="fl-49"/>
      </object_component>
      <object_component id="oc-27f">
         <name>.text:_SCI_disableModule</name>
         <load_address>0x86ccd</load_address>
         <run_address>0x86ccd</run_address>
         <size>0x18</size>
         <input_file_ref idref="fl-2b"/>
      </object_component>
      <object_component id="oc-1fc">
         <name>.text:_SCI_performSoftwareReset</name>
         <load_address>0x86ce5</load_address>
         <run_address>0x86ce5</run_address>
         <size>0x18</size>
         <input_file_ref idref="fl-2b"/>
      </object_component>
      <object_component id="oc-17d">
         <name>.text</name>
         <load_address>0x86cfd</load_address>
         <run_address>0x86cfd</run_address>
         <size>0x18</size>
         <input_file_ref idref="fl-4c"/>
      </object_component>
      <object_component id="oc-27e">
         <name>.text:_CPUTimer_isBaseValid</name>
         <load_address>0x86d15</load_address>
         <run_address>0x86d15</run_address>
         <size>0x17</size>
         <input_file_ref idref="fl-26"/>
      </object_component>
      <object_component id="oc-29f">
         <name>.text:_CPUTimer_isBaseValid</name>
         <load_address>0x86d2c</load_address>
         <run_address>0x86d2c</run_address>
         <size>0x17</size>
         <input_file_ref idref="fl-2d"/>
      </object_component>
      <object_component id="oc-281">
         <name>.text:_SPI_isBaseValid</name>
         <load_address>0x86d43</load_address>
         <run_address>0x86d43</run_address>
         <size>0x17</size>
         <input_file_ref idref="fl-2c"/>
      </object_component>
      <object_component id="oc-23b">
         <name>.text</name>
         <load_address>0x86d5a</load_address>
         <run_address>0x86d5a</run_address>
         <size>0x17</size>
         <input_file_ref idref="fl-40"/>
      </object_component>
      <object_component id="oc-18c">
         <name>.text</name>
         <load_address>0x86d71</load_address>
         <run_address>0x86d71</run_address>
         <size>0x17</size>
         <input_file_ref idref="fl-4f"/>
      </object_component>
      <object_component id="oc-290">
         <name>.text:_CPUTimer_stopTimer</name>
         <load_address>0x86d88</load_address>
         <run_address>0x86d88</run_address>
         <size>0x14</size>
         <input_file_ref idref="fl-2d"/>
      </object_component>
      <object_component id="oc-1fa">
         <name>.text:_SCI_getRxFIFOStatus</name>
         <load_address>0x86d9c</load_address>
         <run_address>0x86d9c</run_address>
         <size>0x14</size>
         <input_file_ref idref="fl-2b"/>
      </object_component>
      <object_component id="oc-283">
         <name>.text:_SCI_getTxFIFOStatus</name>
         <load_address>0x86db0</load_address>
         <run_address>0x86db0</run_address>
         <size>0x14</size>
         <input_file_ref idref="fl-2b"/>
      </object_component>
      <object_component id="oc-229">
         <name>.text:_CPUTimer_setEmulationMode</name>
         <load_address>0x86dc4</load_address>
         <run_address>0x86dc4</run_address>
         <size>0x13</size>
         <input_file_ref idref="fl-26"/>
      </object_component>
      <object_component id="oc-1f0">
         <name>.text:_I2C_isBaseValid</name>
         <load_address>0x86dd7</load_address>
         <run_address>0x86dd7</run_address>
         <size>0x13</size>
         <input_file_ref idref="fl-29"/>
      </object_component>
      <object_component id="oc-280">
         <name>.text:_SCI_enableModule</name>
         <load_address>0x86dea</load_address>
         <run_address>0x86dea</run_address>
         <size>0x13</size>
         <input_file_ref idref="fl-2b"/>
      </object_component>
      <object_component id="oc-293">
         <name>.text:_CPUTimer_clearOverflowFlag</name>
         <load_address>0x86dfd</load_address>
         <run_address>0x86dfd</run_address>
         <size>0x12</size>
         <input_file_ref idref="fl-2d"/>
      </object_component>
      <object_component id="oc-28f">
         <name>.text:_CPUTimer_disableInterrupt</name>
         <load_address>0x86e0f</load_address>
         <run_address>0x86e0f</run_address>
         <size>0x12</size>
         <input_file_ref idref="fl-2d"/>
      </object_component>
      <object_component id="oc-1e9">
         <name>.text</name>
         <load_address>0x86e21</load_address>
         <run_address>0x86e21</run_address>
         <size>0x12</size>
         <input_file_ref idref="fl-5a"/>
      </object_component>
      <object_component id="oc-291">
         <name>.text:_CPUTimer_setPeriod</name>
         <load_address>0x86e33</load_address>
         <run_address>0x86e33</run_address>
         <size>0x11</size>
         <input_file_ref idref="fl-2d"/>
      </object_component>
      <object_component id="oc-2a1">
         <name>.text</name>
         <load_address>0x86e44</load_address>
         <run_address>0x86e44</run_address>
         <size>0x11</size>
         <input_file_ref idref="fl-41"/>
      </object_component>
      <object_component id="oc-21b">
         <name>.text:_Flash_isCtrlBaseValid</name>
         <load_address>0x86e55</load_address>
         <run_address>0x86e55</run_address>
         <size>0x10</size>
         <input_file_ref idref="fl-27"/>
      </object_component>
      <object_component id="oc-21c">
         <name>.text:_Flash_isECCBaseValid</name>
         <load_address>0x86e65</load_address>
         <run_address>0x86e65</run_address>
         <size>0x10</size>
         <input_file_ref idref="fl-27"/>
      </object_component>
      <object_component id="oc-295">
         <name>.text:_SysCtl_pollCpuTimer</name>
         <load_address>0x86e75</load_address>
         <run_address>0x86e75</run_address>
         <size>0xf</size>
         <input_file_ref idref="fl-2d"/>
      </object_component>
      <object_component id="oc-209">
         <name>.text:_GPIO_isPinValid</name>
         <load_address>0x86e84</load_address>
         <run_address>0x86e84</run_address>
         <size>0xe</size>
         <input_file_ref idref="fl-28"/>
      </object_component>
      <object_component id="oc-22e">
         <name>.text:_Interrupt_defaultHandler</name>
         <load_address>0x86e92</load_address>
         <run_address>0x86e92</run_address>
         <size>0xe</size>
         <input_file_ref idref="fl-2a"/>
      </object_component>
      <object_component id="oc-15f">
         <name>.text</name>
         <load_address>0x86ea0</load_address>
         <run_address>0x86ea0</run_address>
         <size>0xe</size>
         <input_file_ref idref="fl-46"/>
      </object_component>
      <object_component id="oc-22d">
         <name>.text:_Interrupt_disableGlobal</name>
         <load_address>0x86eae</load_address>
         <run_address>0x86eae</run_address>
         <size>0xd</size>
         <input_file_ref idref="fl-2a"/>
      </object_component>
      <object_component id="oc-231">
         <name>.text:_Interrupt_enableGlobal</name>
         <load_address>0x86ebb</load_address>
         <run_address>0x86ebb</run_address>
         <size>0xd</size>
         <input_file_ref idref="fl-2a"/>
      </object_component>
      <object_component id="oc-226">
         <name>.text:_SysCtl_isMCDClockFailureDetected</name>
         <load_address>0x86ec8</load_address>
         <run_address>0x86ec8</run_address>
         <size>0xb</size>
         <input_file_ref idref="fl-2d"/>
      </object_component>
      <object_component id="oc-187">
         <name>.text</name>
         <load_address>0x86ed3</load_address>
         <run_address>0x86ed3</run_address>
         <size>0xb</size>
         <input_file_ref idref="fl-4e"/>
      </object_component>
      <object_component id="oc-228">
         <name>.text:_SysCtl_serviceWatchdog</name>
         <load_address>0x86ede</load_address>
         <run_address>0x86ede</run_address>
         <size>0x9</size>
         <input_file_ref idref="fl-2d"/>
      </object_component>
      <object_component id="oc-219">
         <name>.text</name>
         <load_address>0x86ee7</load_address>
         <run_address>0x86ee7</run_address>
         <size>0x9</size>
         <input_file_ref idref="fl-59"/>
      </object_component>
      <object_component id="oc-282">
         <name>.text</name>
         <load_address>0x86ef0</load_address>
         <run_address>0x86ef0</run_address>
         <size>0x9</size>
         <input_file_ref idref="fl-5b"/>
      </object_component>
      <object_component id="oc-d3">
         <name>.text</name>
         <load_address>0x86ef9</load_address>
         <run_address>0x86ef9</run_address>
         <size>0x8</size>
         <input_file_ref idref="fl-1b"/>
      </object_component>
      <object_component id="oc-260">
         <name>.text</name>
         <load_address>0x86f01</load_address>
         <run_address>0x86f01</run_address>
         <size>0x8</size>
         <input_file_ref idref="fl-5c"/>
      </object_component>
      <object_component id="oc-296">
         <name>.text:_SysCtl_resetMCD</name>
         <load_address>0x86f09</load_address>
         <run_address>0x86f09</run_address>
         <size>0x7</size>
         <input_file_ref idref="fl-2d"/>
      </object_component>
      <object_component id="oc-1e6">
         <name>.text</name>
         <load_address>0x86f10</load_address>
         <run_address>0x86f10</run_address>
         <size>0x2</size>
         <input_file_ref idref="fl-56"/>
      </object_component>
      <object_component id="oc-23">
         <name>codestart</name>
         <load_address>0x80000</load_address>
         <run_address>0x80000</run_address>
         <size>0x2</size>
         <input_file_ref idref="fl-1b"/>
      </object_component>
      <object_component id="oc-14a">
         <name>.stack</name>
         <uninitialized>true</uninitialized>
         <run_address>0x400</run_address>
         <size>0x0</size>
         <input_file_ref idref="fl-42"/>
      </object_component>
      <object_component id="oc-2cc">
         <name>.stack</name>
         <uninitialized>true</uninitialized>
         <run_address>0x400</run_address>
         <size>0x0</size>
      </object_component>
      <object_component id="oc-14b">
         <name>.reset</name>
         <load_address>0x3fffc0</load_address>
         <run_address>0x3fffc0</run_address>
         <size>0x2</size>
         <input_file_ref idref="fl-42"/>
      </object_component>
      <object_component id="oc-4c">
         <name>.ebss</name>
         <uninitialized>true</uninitialized>
         <run_address>0xa800</run_address>
         <size>0xa4</size>
         <input_file_ref idref="fl-8"/>
      </object_component>
      <object_component id="oc-b5">
         <name>.ebss</name>
         <uninitialized>true</uninitialized>
         <run_address>0xa8a4</run_address>
         <size>0x1a</size>
         <input_file_ref idref="fl-17"/>
      </object_component>
      <object_component id="oc-202">
         <name>.ebss:__lock</name>
         <uninitialized>true</uninitialized>
         <run_address>0xa8be</run_address>
         <size>0x2</size>
         <input_file_ref idref="fl-59"/>
      </object_component>
      <object_component id="oc-1e1">
         <name>.ebss:_rDataPointA</name>
         <uninitialized>true</uninitialized>
         <run_address>0xa8c0</run_address>
         <size>0x64</size>
         <input_file_ref idref="fl-19"/>
      </object_component>
      <object_component id="oc-65">
         <name>.ebss</name>
         <uninitialized>true</uninitialized>
         <run_address>0xa924</run_address>
         <size>0x17</size>
         <input_file_ref idref="fl-b"/>
      </object_component>
      <object_component id="oc-1d6">
         <name>.ebss</name>
         <uninitialized>true</uninitialized>
         <run_address>0xa93b</run_address>
         <size>0x1</size>
         <input_file_ref idref="fl-5d"/>
      </object_component>
      <object_component id="oc-44">
         <name>.ebss</name>
         <uninitialized>true</uninitialized>
         <run_address>0xa93c</run_address>
         <size>0x4</size>
         <input_file_ref idref="fl-7"/>
      </object_component>
      <object_component id="oc-1ee">
         <name>.ebss:_RX_MsgBuffer</name>
         <uninitialized>true</uninitialized>
         <run_address>0xa940</run_address>
         <size>0x40</size>
         <input_file_ref idref="fl-17"/>
      </object_component>
      <object_component id="oc-1ed">
         <name>.ebss:_TX_MsgBuffer</name>
         <uninitialized>true</uninitialized>
         <run_address>0xa980</run_address>
         <size>0x40</size>
         <input_file_ref idref="fl-17"/>
      </object_component>
      <object_component id="oc-215">
         <name>.ebss:_TxBusWord</name>
         <uninitialized>true</uninitialized>
         <run_address>0xa9c0</run_address>
         <size>0x40</size>
         <input_file_ref idref="fl-d"/>
      </object_component>
      <object_component id="oc-235">
         <name>.ebss:_gConstant_B</name>
         <uninitialized>true</uninitialized>
         <run_address>0xaa00</run_address>
         <size>0x24</size>
         <input_file_ref idref="fl-b"/>
      </object_component>
      <object_component id="oc-54">
         <name>.ebss</name>
         <uninitialized>true</uninitialized>
         <run_address>0xaa24</run_address>
         <size>0x15</size>
         <input_file_ref idref="fl-9"/>
      </object_component>
      <object_component id="oc-da">
         <name>.ebss</name>
         <uninitialized>true</uninitialized>
         <run_address>0xaa3a</run_address>
         <size>0x6</size>
         <input_file_ref idref="fl-1c"/>
      </object_component>
      <object_component id="oc-233">
         <name>.ebss:_gConstant_A</name>
         <uninitialized>true</uninitialized>
         <run_address>0xaa40</run_address>
         <size>0x10</size>
         <input_file_ref idref="fl-6"/>
      </object_component>
      <object_component id="oc-1dd">
         <name>.ebss:_ema</name>
         <uninitialized>true</uninitialized>
         <run_address>0xaa50</run_address>
         <size>0xb</size>
         <input_file_ref idref="fl-15"/>
      </object_component>
      <object_component id="oc-73">
         <name>.ebss</name>
         <uninitialized>true</uninitialized>
         <run_address>0xaa5b</run_address>
         <size>0x9</size>
         <input_file_ref idref="fl-d"/>
      </object_component>
      <object_component id="oc-3d">
         <name>.ebss</name>
         <uninitialized>true</uninitialized>
         <run_address>0xaa64</run_address>
         <size>0x8</size>
         <input_file_ref idref="fl-6"/>
      </object_component>
      <object_component id="oc-1bb">
         <name>.ebss</name>
         <uninitialized>true</uninitialized>
         <run_address>0xaa6c</run_address>
         <size>0x6</size>
         <input_file_ref idref="fl-58"/>
      </object_component>
      <object_component id="oc-cb">
         <name>.ebss</name>
         <uninitialized>true</uninitialized>
         <run_address>0xaa72</run_address>
         <size>0x4</size>
         <input_file_ref idref="fl-1a"/>
      </object_component>
      <object_component id="oc-27c">
         <name>.ebss:__unlock</name>
         <uninitialized>true</uninitialized>
         <run_address>0xaa76</run_address>
         <size>0x2</size>
         <input_file_ref idref="fl-59"/>
      </object_component>
      <object_component id="oc-5c">
         <name>.ebss</name>
         <uninitialized>true</uninitialized>
         <run_address>0xaa78</run_address>
         <size>0x2</size>
         <input_file_ref idref="fl-a"/>
      </object_component>
      <object_component id="oc-7f">
         <name>.ebss</name>
         <uninitialized>true</uninitialized>
         <run_address>0xaa7a</run_address>
         <size>0x2</size>
         <input_file_ref idref="fl-f"/>
      </object_component>
      <object_component id="oc-bc">
         <name>.ebss</name>
         <uninitialized>true</uninitialized>
         <run_address>0xaa7c</run_address>
         <size>0x2</size>
         <input_file_ref idref="fl-18"/>
      </object_component>
      <object_component id="oc-c3">
         <name>.ebss</name>
         <uninitialized>true</uninitialized>
         <run_address>0xaa7e</run_address>
         <size>0x2</size>
         <input_file_ref idref="fl-19"/>
      </object_component>
      <object_component id="oc-25">
         <name>.econst:.string</name>
         <load_address>0x90000</load_address>
         <run_address>0x90000</run_address>
         <size>0x113</size>
         <input_file_ref idref="fl-2"/>
      </object_component>
      <object_component id="oc-285">
         <name>.econst:.string:_$P$T0$1</name>
         <load_address>0x90113</load_address>
         <run_address>0x90113</run_address>
         <size>0x1</size>
         <input_file_ref idref="fl-11"/>
      </object_component>
      <object_component id="oc-6d">
         <name>.econst:.string</name>
         <load_address>0x90114</load_address>
         <run_address>0x90114</run_address>
         <size>0xd0</size>
         <input_file_ref idref="fl-c"/>
      </object_component>
      <object_component id="oc-112">
         <name>.econst:.string</name>
         <load_address>0x901e4</load_address>
         <run_address>0x901e4</run_address>
         <size>0xc2</size>
         <input_file_ref idref="fl-2d"/>
      </object_component>
      <object_component id="oc-ed">
         <name>.econst:.string</name>
         <load_address>0x902a6</load_address>
         <run_address>0x902a6</run_address>
         <size>0xbf</size>
         <input_file_ref idref="fl-27"/>
      </object_component>
      <object_component id="oc-24d">
         <name>.econst:.string:_$P$T14$16</name>
         <load_address>0x90365</load_address>
         <run_address>0x90365</run_address>
         <size>0x1</size>
         <input_file_ref idref="fl-a"/>
      </object_component>
      <object_component id="oc-f3">
         <name>.econst:.string</name>
         <load_address>0x90366</load_address>
         <run_address>0x90366</run_address>
         <size>0xbc</size>
         <input_file_ref idref="fl-28"/>
      </object_component>
      <object_component id="oc-105">
         <name>.econst:.string</name>
         <load_address>0x90422</load_address>
         <run_address>0x90422</run_address>
         <size>0xbb</size>
         <input_file_ref idref="fl-2b"/>
      </object_component>
      <object_component id="oc-24e">
         <name>.econst:.string:_$P$T15$17</name>
         <load_address>0x904dd</load_address>
         <run_address>0x904dd</run_address>
         <size>0x1</size>
         <input_file_ref idref="fl-a"/>
      </object_component>
      <object_component id="oc-10b">
         <name>.econst:.string</name>
         <load_address>0x904de</load_address>
         <run_address>0x904de</run_address>
         <size>0xbb</size>
         <input_file_ref idref="fl-2c"/>
      </object_component>
      <object_component id="oc-287">
         <name>.econst:.string:_$P$T2$3</name>
         <load_address>0x90599</load_address>
         <run_address>0x90599</run_address>
         <size>0x1</size>
         <input_file_ref idref="fl-11"/>
      </object_component>
      <object_component id="oc-30">
         <name>.econst:.string</name>
         <load_address>0x9059a</load_address>
         <run_address>0x9059a</run_address>
         <size>0x87</size>
         <input_file_ref idref="fl-4"/>
      </object_component>
      <object_component id="oc-288">
         <name>.econst:.string:_$P$T3$4</name>
         <load_address>0x90621</load_address>
         <run_address>0x90621</run_address>
         <size>0x1</size>
         <input_file_ref idref="fl-11"/>
      </object_component>
      <object_component id="oc-98">
         <name>.econst:.string</name>
         <load_address>0x90622</load_address>
         <run_address>0x90622</run_address>
         <size>0x66</size>
         <input_file_ref idref="fl-13"/>
      </object_component>
      <object_component id="oc-ff">
         <name>.econst:.string</name>
         <load_address>0x90688</load_address>
         <run_address>0x90688</run_address>
         <size>0x63</size>
         <input_file_ref idref="fl-2a"/>
      </object_component>
      <object_component id="oc-261">
         <name>.econst:.string:_$P$T33$35</name>
         <load_address>0x906eb</load_address>
         <run_address>0x906eb</run_address>
         <size>0x1</size>
         <input_file_ref idref="fl-a"/>
      </object_component>
      <object_component id="oc-e7">
         <name>.econst:.string</name>
         <load_address>0x906ec</load_address>
         <run_address>0x906ec</run_address>
         <size>0x62</size>
         <input_file_ref idref="fl-26"/>
      </object_component>
      <object_component id="oc-e1">
         <name>.econst:.string</name>
         <load_address>0x9074e</load_address>
         <run_address>0x9074e</run_address>
         <size>0x5d</size>
         <input_file_ref idref="fl-25"/>
      </object_component>
      <object_component id="oc-262">
         <name>.econst:.string:_$P$T34$36</name>
         <load_address>0x907ab</load_address>
         <run_address>0x907ab</run_address>
         <size>0x1</size>
         <input_file_ref idref="fl-a"/>
      </object_component>
      <object_component id="oc-f9">
         <name>.econst:.string</name>
         <load_address>0x907ac</load_address>
         <run_address>0x907ac</run_address>
         <size>0x5d</size>
         <input_file_ref idref="fl-29"/>
      </object_component>
      <object_component id="oc-81">
         <name>.econst:.string</name>
         <load_address>0x9080a</load_address>
         <run_address>0x9080a</run_address>
         <size>0x44</size>
         <input_file_ref idref="fl-f"/>
      </object_component>
      <object_component id="oc-ae">
         <name>.econst:.string</name>
         <load_address>0x9084e</load_address>
         <run_address>0x9084e</run_address>
         <size>0x44</size>
         <input_file_ref idref="fl-16"/>
      </object_component>
      <object_component id="oc-ce">
         <name>.econst:.string</name>
         <load_address>0x90892</load_address>
         <run_address>0x90892</run_address>
         <size>0x44</size>
         <input_file_ref idref="fl-1a"/>
      </object_component>
      <object_component id="oc-9f">
         <name>.econst:.string</name>
         <load_address>0x908d6</load_address>
         <run_address>0x908d6</run_address>
         <size>0x43</size>
         <input_file_ref idref="fl-14"/>
      </object_component>
      <object_component id="oc-a7">
         <name>.econst:.string</name>
         <load_address>0x9091a</load_address>
         <run_address>0x9091a</run_address>
         <size>0x43</size>
         <input_file_ref idref="fl-15"/>
      </object_component>
      <object_component id="oc-b6">
         <name>.econst:.string</name>
         <load_address>0x9095e</load_address>
         <run_address>0x9095e</run_address>
         <size>0x43</size>
         <input_file_ref idref="fl-17"/>
      </object_component>
      <object_component id="oc-c5">
         <name>.econst:.string</name>
         <load_address>0x909a2</load_address>
         <run_address>0x909a2</run_address>
         <size>0x43</size>
         <input_file_ref idref="fl-19"/>
      </object_component>
      <object_component id="oc-11e">
         <name>.econst</name>
         <load_address>0x909e6</load_address>
         <run_address>0x909e6</run_address>
         <size>0x32</size>
         <input_file_ref idref="fl-3a"/>
      </object_component>
      <object_component id="oc-36">
         <name>.econst</name>
         <load_address>0x90a18</load_address>
         <run_address>0x90a18</run_address>
         <size>0x28</size>
         <input_file_ref idref="fl-5"/>
      </object_component>
      <object_component id="oc-45">
         <name>.econst</name>
         <load_address>0x90a40</load_address>
         <run_address>0x90a40</run_address>
         <size>0x18</size>
         <input_file_ref idref="fl-7"/>
      </object_component>
      <object_component id="oc-92">
         <name>.econst</name>
         <load_address>0x90a58</load_address>
         <run_address>0x90a58</run_address>
         <size>0x18</size>
         <input_file_ref idref="fl-12"/>
      </object_component>
      <object_component id="oc-118">
         <name>.econst</name>
         <load_address>0x90a70</load_address>
         <run_address>0x90a70</run_address>
         <size>0x14</size>
         <input_file_ref idref="fl-39"/>
      </object_component>
      <object_component id="oc-249">
         <name>.econst:.string:_$P$T13$15</name>
         <load_address>0x90a84</load_address>
         <run_address>0x90a84</run_address>
         <size>0x13</size>
         <input_file_ref idref="fl-a"/>
      </object_component>
      <object_component id="oc-db">
         <name>.econst:.string</name>
         <load_address>0x90a98</load_address>
         <run_address>0x90a98</run_address>
         <size>0x13</size>
         <input_file_ref idref="fl-1c"/>
      </object_component>
      <object_component id="oc-251">
         <name>.econst:.string:_$P$T18$20</name>
         <load_address>0x90aab</load_address>
         <run_address>0x90aab</run_address>
         <size>0x11</size>
         <input_file_ref idref="fl-a"/>
      </object_component>
      <object_component id="oc-252">
         <name>.econst:.string:_$P$T19$21</name>
         <load_address>0x90abc</load_address>
         <run_address>0x90abc</run_address>
         <size>0x11</size>
         <input_file_ref idref="fl-a"/>
      </object_component>
      <object_component id="oc-253">
         <name>.econst:.string:_$P$T20$22</name>
         <load_address>0x90acd</load_address>
         <run_address>0x90acd</run_address>
         <size>0x11</size>
         <input_file_ref idref="fl-a"/>
      </object_component>
      <object_component id="oc-254">
         <name>.econst:.string:_$P$T21$23</name>
         <load_address>0x90ade</load_address>
         <run_address>0x90ade</run_address>
         <size>0x11</size>
         <input_file_ref idref="fl-a"/>
      </object_component>
      <object_component id="oc-255">
         <name>.econst:.string:_$P$T22$24</name>
         <load_address>0x90aef</load_address>
         <run_address>0x90aef</run_address>
         <size>0x11</size>
         <input_file_ref idref="fl-a"/>
      </object_component>
      <object_component id="oc-256">
         <name>.econst:.string:_$P$T23$25</name>
         <load_address>0x90b00</load_address>
         <run_address>0x90b00</run_address>
         <size>0x11</size>
         <input_file_ref idref="fl-a"/>
      </object_component>
      <object_component id="oc-257">
         <name>.econst:.string:_$P$T24$26</name>
         <load_address>0x90b11</load_address>
         <run_address>0x90b11</run_address>
         <size>0x11</size>
         <input_file_ref idref="fl-a"/>
      </object_component>
      <object_component id="oc-258">
         <name>.econst:.string:_$P$T25$27</name>
         <load_address>0x90b22</load_address>
         <run_address>0x90b22</run_address>
         <size>0x11</size>
         <input_file_ref idref="fl-a"/>
      </object_component>
      <object_component id="oc-259">
         <name>.econst:.string:_$P$T26$28</name>
         <load_address>0x90b33</load_address>
         <run_address>0x90b33</run_address>
         <size>0x11</size>
         <input_file_ref idref="fl-a"/>
      </object_component>
      <object_component id="oc-25a">
         <name>.econst:.string:_$P$T27$29</name>
         <load_address>0x90b44</load_address>
         <run_address>0x90b44</run_address>
         <size>0x11</size>
         <input_file_ref idref="fl-a"/>
      </object_component>
      <object_component id="oc-25b">
         <name>.econst:.string:_$P$T28$30</name>
         <load_address>0x90b55</load_address>
         <run_address>0x90b55</run_address>
         <size>0x11</size>
         <input_file_ref idref="fl-a"/>
      </object_component>
      <object_component id="oc-25c">
         <name>.econst:.string:_$P$T29$31</name>
         <load_address>0x90b66</load_address>
         <run_address>0x90b66</run_address>
         <size>0x11</size>
         <input_file_ref idref="fl-a"/>
      </object_component>
      <object_component id="oc-25d">
         <name>.econst:.string:_$P$T30$32</name>
         <load_address>0x90b77</load_address>
         <run_address>0x90b77</run_address>
         <size>0x11</size>
         <input_file_ref idref="fl-a"/>
      </object_component>
      <object_component id="oc-25e">
         <name>.econst:.string:_$P$T31$33</name>
         <load_address>0x90b88</load_address>
         <run_address>0x90b88</run_address>
         <size>0x11</size>
         <input_file_ref idref="fl-a"/>
      </object_component>
      <object_component id="oc-25f">
         <name>.econst:.string:_$P$T32$34</name>
         <load_address>0x90b99</load_address>
         <run_address>0x90b99</run_address>
         <size>0x11</size>
         <input_file_ref idref="fl-a"/>
      </object_component>
      <object_component id="oc-248">
         <name>.econst:.string:_$P$T12$14</name>
         <load_address>0x90baa</load_address>
         <run_address>0x90baa</run_address>
         <size>0x10</size>
         <input_file_ref idref="fl-a"/>
      </object_component>
      <object_component id="oc-55">
         <name>.econst</name>
         <load_address>0x90bba</load_address>
         <run_address>0x90bba</run_address>
         <size>0x10</size>
         <input_file_ref idref="fl-9"/>
      </object_component>
      <object_component id="oc-8c">
         <name>.econst</name>
         <load_address>0x90bca</load_address>
         <run_address>0x90bca</run_address>
         <size>0x10</size>
         <input_file_ref idref="fl-11"/>
      </object_component>
      <object_component id="oc-a6">
         <name>.econst</name>
         <load_address>0x90bda</load_address>
         <run_address>0x90bda</run_address>
         <size>0x10</size>
         <input_file_ref idref="fl-15"/>
      </object_component>
      <object_component id="oc-265">
         <name>.econst:.string:_$P$T37$39</name>
         <load_address>0x90bea</load_address>
         <run_address>0x90bea</run_address>
         <size>0xc</size>
         <input_file_ref idref="fl-a"/>
      </object_component>
      <object_component id="oc-266">
         <name>.econst:.string:_$P$T38$40</name>
         <load_address>0x90bf6</load_address>
         <run_address>0x90bf6</run_address>
         <size>0xc</size>
         <input_file_ref idref="fl-a"/>
      </object_component>
      <object_component id="oc-267">
         <name>.econst:.string:_$P$T39$41</name>
         <load_address>0x90c02</load_address>
         <run_address>0x90c02</run_address>
         <size>0xc</size>
         <input_file_ref idref="fl-a"/>
      </object_component>
      <object_component id="oc-268">
         <name>.econst:.string:_$P$T40$42</name>
         <load_address>0x90c0e</load_address>
         <run_address>0x90c0e</run_address>
         <size>0xc</size>
         <input_file_ref idref="fl-a"/>
      </object_component>
      <object_component id="oc-269">
         <name>.econst:.string:_$P$T41$43</name>
         <load_address>0x90c1a</load_address>
         <run_address>0x90c1a</run_address>
         <size>0xc</size>
         <input_file_ref idref="fl-a"/>
      </object_component>
      <object_component id="oc-26a">
         <name>.econst:.string:_$P$T42$44</name>
         <load_address>0x90c26</load_address>
         <run_address>0x90c26</run_address>
         <size>0xc</size>
         <input_file_ref idref="fl-a"/>
      </object_component>
      <object_component id="oc-26b">
         <name>.econst:.string:_$P$T43$45</name>
         <load_address>0x90c32</load_address>
         <run_address>0x90c32</run_address>
         <size>0xc</size>
         <input_file_ref idref="fl-a"/>
      </object_component>
      <object_component id="oc-26c">
         <name>.econst:.string:_$P$T44$46</name>
         <load_address>0x90c3e</load_address>
         <run_address>0x90c3e</run_address>
         <size>0xc</size>
         <input_file_ref idref="fl-a"/>
      </object_component>
      <object_component id="oc-26d">
         <name>.econst:.string:_$P$T45$47</name>
         <load_address>0x90c4a</load_address>
         <run_address>0x90c4a</run_address>
         <size>0xc</size>
         <input_file_ref idref="fl-a"/>
      </object_component>
      <object_component id="oc-26e">
         <name>.econst:.string:_$P$T46$48</name>
         <load_address>0x90c56</load_address>
         <run_address>0x90c56</run_address>
         <size>0xc</size>
         <input_file_ref idref="fl-a"/>
      </object_component>
      <object_component id="oc-26f">
         <name>.econst:.string:_$P$T47$49</name>
         <load_address>0x90c62</load_address>
         <run_address>0x90c62</run_address>
         <size>0xc</size>
         <input_file_ref idref="fl-a"/>
      </object_component>
      <object_component id="oc-270">
         <name>.econst:.string:_$P$T48$50</name>
         <load_address>0x90c6e</load_address>
         <run_address>0x90c6e</run_address>
         <size>0xc</size>
         <input_file_ref idref="fl-a"/>
      </object_component>
      <object_component id="oc-271">
         <name>.econst:.string:_$P$T49$51</name>
         <load_address>0x90c7a</load_address>
         <run_address>0x90c7a</run_address>
         <size>0xc</size>
         <input_file_ref idref="fl-a"/>
      </object_component>
      <object_component id="oc-272">
         <name>.econst:.string:_$P$T50$52</name>
         <load_address>0x90c86</load_address>
         <run_address>0x90c86</run_address>
[...]
         <object_component_ref idref="oc-20e"/>
      </symbol>
      <symbol id="sm-5ce">
         <name>_LToStr</name>
         <value>0x8528b</value>
         <object_component_ref idref="oc-24a"/>
      </symbol>
      <symbol id="sm-5d0">
         <name>_my_strtok</name>
         <value>0x851ba</value>
         <object_component_ref idref="oc-24a"/>
      </symbol>
      <symbol id="sm-5d2">
         <name>_my_atoi</name>
         <value>0x85177</value>
         <object_component_ref idref="oc-24a"/>
      </symbol>
      <symbol id="sm-5d4">
         <name>_my_strncmp</name>
         <value>0x85206</value>
         <object_component_ref idref="oc-24a"/>
      </symbol>
      <symbol id="sm-5d6">
         <name>_my_strlen</name>
         <value>0x851fb</value>
         <object_component_ref idref="oc-24a"/>
      </symbol>
      <symbol id="sm-5d8">
         <name>_StrZeroFill</name>
         <value>0x85259</value>
         <object_component_ref idref="oc-24a"/>
      </symbol>
      <symbol id="sm-5fb">
         <name>_INT_mySCI0_RX_ISR</name>
         <value>0x859d0</value>
         <object_component_ref idref="oc-c4"/>
      </symbol>
      <symbol id="sm-5fd">
         <name>_INT_mySCI0_TX_ISR</name>
         <value>0x85a2c</value>
         <object_component_ref idref="oc-c4"/>
      </symbol>
      <symbol id="sm-5ff">
         <name>_gRx_done</name>
         <value>0xaa7e</value>
         <object_component_ref idref="oc-c3"/>
      </symbol>
      <symbol id="sm-600">
         <name>_rDataPointA</name>
         <value>0xa8c0</value>
         <object_component_ref idref="oc-1e1"/>
      </symbol>
      <symbol id="sm-601">
         <name>_gRx_cnt</name>
         <value>0xaa7f</value>
         <object_component_ref idref="oc-c3"/>
      </symbol>
      <symbol id="sm-626">
         <name>_main</name>
         <value>0x85679</value>
         <object_component_ref idref="oc-1e5"/>
      </symbol>
      <symbol id="sm-628">
         <name>_cpuTimer0ISR</name>
         <value>0x86840</value>
         <object_component_ref idref="oc-cc"/>
      </symbol>
      <symbol id="sm-62a">
         <name>_IdleMode</name>
         <value>0x856a9</value>
         <object_component_ref idref="oc-1e5"/>
      </symbol>
      <symbol id="sm-62c">
         <name>_delay_uS</name>
         <value>0x856b2</value>
         <object_component_ref idref="oc-1e5"/>
      </symbol>
      <symbol id="sm-63d">
         <name>code_start</name>
         <value>0x80000</value>
         <object_component_ref idref="oc-23"/>
      </symbol>
      <symbol id="sm-66d">
         <name>_Example_done</name>
         <value>0x837be</value>
         <object_component_ref idref="oc-1eb"/>
      </symbol>
      <symbol id="sm-66f">
         <name>_Example_Fail</name>
         <value>0xaa3e</value>
         <object_component_ref idref="oc-da"/>
      </symbol>
      <symbol id="sm-670">
         <name>_Device_bootCPU2</name>
         <value>0x83633</value>
         <object_component_ref idref="oc-1eb"/>
      </symbol>
      <symbol id="sm-672">
         <name>_Device_initGPIO</name>
         <value>0x8359b</value>
         <object_component_ref idref="oc-1eb"/>
      </symbol>
      <symbol id="sm-674">
         <name>_Example_setResultPass</name>
         <value>0x837b4</value>
         <object_component_ref idref="oc-1eb"/>
      </symbol>
      <symbol id="sm-676">
         <name>___error__</name>
         <value>0x837ad</value>
         <object_component_ref idref="oc-1eb"/>
      </symbol>
      <symbol id="sm-678">
         <name>_Example_Result</name>
         <value>0xaa3a</value>
         <object_component_ref idref="oc-da"/>
      </symbol>
      <symbol id="sm-679">
         <name>_Example_setResultFail</name>
         <value>0x837b9</value>
         <object_component_ref idref="oc-1eb"/>
      </symbol>
      <symbol id="sm-67b">
         <name>_Device_enableUnbondedGPIOPullupsFor176Pin</name>
         <value>0x835bc</value>
         <object_component_ref idref="oc-1eb"/>
      </symbol>
      <symbol id="sm-67d">
         <name>_Device_enableUnbondedGPIOPullups</name>
         <value>0x835ec</value>
         <object_component_ref idref="oc-1eb"/>
      </symbol>
      <symbol id="sm-67f">
         <name>_Device_init</name>
         <value>0x8345d</value>
         <object_component_ref idref="oc-1eb"/>
      </symbol>
      <symbol id="sm-681">
         <name>_Example_PassCount</name>
         <value>0xaa3c</value>
         <object_component_ref idref="oc-da"/>
      </symbol>
      <symbol id="sm-682">
         <name>_Device_enableUnbondedGPIOPullupsFor100Pin</name>
         <value>0x835cf</value>
         <object_component_ref idref="oc-1eb"/>
      </symbol>
      <symbol id="sm-684">
         <name>_Device_enableAllPeripherals</name>
         <value>0x834b0</value>
         <object_component_ref idref="oc-1eb"/>
      </symbol>
      <symbol id="sm-686">
         <name>_Device_configureTMXAnalogTrim</name>
         <value>0x83602</value>
         <object_component_ref idref="oc-1eb"/>
      </symbol>
      <symbol id="sm-6b9">
         <name>_ADC_setMode</name>
         <value>0x8690c</value>
         <object_component_ref idref="oc-1f7"/>
      </symbol>
      <symbol id="sm-6bb">
         <name>_ADC_setINLTrim</name>
         <value>0x86128</value>
         <object_component_ref idref="oc-20b"/>
      </symbol>
      <symbol id="sm-6bd">
         <name>_ADC_setOffsetTrim</name>
         <value>0x86334</value>
         <object_component_ref idref="oc-20c"/>
      </symbol>
      <symbol id="sm-6d3">
         <name>_CPUTimer_setEmulationMode</name>
         <value>0x86dc4</value>
         <object_component_ref idref="oc-229"/>
      </symbol>
      <symbol id="sm-717">
         <name>_Flash_initModule</name>
         <value>0x8000</value>
         <object_component_ref idref="oc-204"/>
      </symbol>
      <symbol id="sm-741">
         <name>_GPIO_setControllerCore</name>
         <value>0x86764</value>
         <object_component_ref idref="oc-1f3"/>
      </symbol>
      <symbol id="sm-743">
         <name>_GPIO_setPinConfig</name>
         <value>0x8679b</value>
         <object_component_ref idref="oc-1f5"/>
      </symbol>
      <symbol id="sm-745">
         <name>_GPIO_setDirectionMode</name>
         <value>0x868db</value>
         <object_component_ref idref="oc-1f1"/>
      </symbol>
      <symbol id="sm-747">
         <name>_GPIO_setQualificationMode</name>
         <value>0x867d2</value>
         <object_component_ref idref="oc-1f4"/>
      </symbol>
      <symbol id="sm-749">
         <name>_GPIO_setPadConfig</name>
         <value>0x8649e</value>
         <object_component_ref idref="oc-1f2"/>
      </symbol>
      <symbol id="sm-77d">
         <name>_I2C_clearInterruptStatus</name>
         <value>0x86ac5</value>
         <object_component_ref idref="oc-1da"/>
      </symbol>
      <symbol id="sm-77f">
         <name>_I2C_disableInterrupt</name>
         <value>0x8693b</value>
         <object_component_ref idref="oc-1ec"/>
      </symbol>
      <symbol id="sm-781">
         <name>_I2C_getInterruptStatus</name>
         <value>0x86ae6</value>
         <object_component_ref idref="oc-1ef"/>
      </symbol>
      <symbol id="sm-783">
         <name>_I2C_enableInterrupt</name>
         <value>0x86967</value>
         <object_component_ref idref="oc-1d9"/>
      </symbol>
      <symbol id="sm-785">
         <name>_I2C_initController</name>
         <value>0x8626d</value>
         <object_component_ref idref="oc-1f6"/>
      </symbol>
      <symbol id="sm-7d5">
         <name>_Interrupt_enable</name>
         <value>0x86809</value>
         <object_component_ref idref="oc-211"/>
      </symbol>
      <symbol id="sm-7d7">
         <name>_Interrupt_initVectorTable</name>
         <value>0x86b86</value>
         <object_component_ref idref="oc-210"/>
      </symbol>
      <symbol id="sm-7d9">
         <name>_Interrupt_disable</name>
         <value>0x86541</value>
         <object_component_ref idref="oc-212"/>
      </symbol>
      <symbol id="sm-7db">
         <name>_Interrupt_initModule</name>
         <value>0x85fc3</value>
         <object_component_ref idref="oc-20f"/>
      </symbol>
      <symbol id="sm-83a">
         <name>_SCI_enableInterrupt</name>
         <value>0x86666</value>
         <object_component_ref idref="oc-22b"/>
      </symbol>
      <symbol id="sm-83c">
         <name>_SCI_clearInterruptStatus</name>
         <value>0x86621</value>
         <object_component_ref idref="oc-1e4"/>
      </symbol>
      <symbol id="sm-83e">
         <name>_SCI_setConfig</name>
         <value>0x866eb</value>
         <object_component_ref idref="oc-22a"/>
      </symbol>
      <symbol id="sm-840">
         <name>_SCI_writeCharArray</name>
         <value>0x866aa</value>
         <object_component_ref idref="oc-24b"/>
      </symbol>
      <symbol id="sm-842">
         <name>_SCI_readCharArray</name>
         <value>0x86729</value>
         <object_component_ref idref="oc-1e0"/>
      </symbol>
      <symbol id="sm-85e">
         <name>_SPI_setConfig</name>
         <value>0x86394</value>
         <object_component_ref idref="oc-22c"/>
      </symbol>
      <symbol id="sm-8e4">
         <name>_SysCtl_selectXTAL</name>
         <value>0x85ca5</value>
         <object_component_ref idref="oc-27d"/>
      </symbol>
      <symbol id="sm-8e6">
         <name>_SysCtl_delay</name>
         <value>0x8124</value>
         <object_component_ref idref="oc-111"/>
      </symbol>
      <symbol id="sm-8e7">
         <name>_SysCtl_selectOscSource</name>
         <value>0x865d9</value>
         <object_component_ref idref="oc-227"/>
      </symbol>
      <symbol id="sm-8e9">
         <name>_SysCtl_setClock</name>
         <value>0x8453f</value>
         <object_component_ref idref="oc-206"/>
      </symbol>
      <symbol id="sm-8eb">
         <name>_SysCtl_getLowSpeedClock</name>
         <value>0x86c99</value>
         <object_component_ref idref="oc-208"/>
      </symbol>
      <symbol id="sm-8ed">
         <name>_SysCtl_getClock</name>
         <value>0x864f0</value>
         <object_component_ref idref="oc-207"/>
      </symbol>
      <symbol id="sm-8ef">
         <name>_SysCtl_getDeviceParametric</name>
         <value>0x86205</value>
         <object_component_ref idref="oc-205"/>
      </symbol>
      <symbol id="sm-90c">
         <name>_asin</name>
         <value>0x85549</value>
         <object_component_ref idref="oc-28a"/>
      </symbol>
      <symbol id="sm-90d">
         <name>_asinf</name>
         <value>0x85549</value>
         <object_component_ref idref="oc-28a"/>
      </symbol>
      <symbol id="sm-966">
         <name>_powf</name>
         <value>0x837bf</value>
         <object_component_ref idref="oc-28c"/>
      </symbol>
      <symbol id="sm-968">
         <name>_pow</name>
         <value>0x837bf</value>
         <object_component_ref idref="oc-28c"/>
      </symbol>
      <symbol id="sm-978">
         <name>_sqrtf</name>
         <value>0x86a10</value>
         <object_component_ref idref="oc-28d"/>
      </symbol>
      <symbol id="sm-97a">
         <name>_sqrt</name>
         <value>0x86a10</value>
         <object_component_ref idref="oc-28d"/>
      </symbol>
      <symbol id="sm-99f">
         <name>_atan</name>
         <value>0x8570d</value>
         <object_component_ref idref="oc-28e"/>
      </symbol>
      <symbol id="sm-9a0">
         <name>_atanf</name>
         <value>0x8570d</value>
         <object_component_ref idref="oc-28e"/>
      </symbol>
      <symbol id="sm-9af">
         <name>_cos</name>
         <value>0x862d1</value>
         <object_component_ref idref="oc-28b"/>
      </symbol>
      <symbol id="sm-9b0">
         <name>_cosf</name>
         <value>0x862d1</value>
         <object_component_ref idref="oc-28b"/>
      </symbol>
      <symbol id="sm-9c9">
         <name>_scalbn</name>
         <value>0x863f0</value>
         <object_component_ref idref="oc-29b"/>
      </symbol>
      <symbol id="sm-9ca">
         <name>_ldexp</name>
         <value>0x863f0</value>
         <object_component_ref idref="oc-29b"/>
      </symbol>
      <symbol id="sm-9cb">
         <name>_scalbnf</name>
         <value>0x863f0</value>
         <object_component_ref idref="oc-29b"/>
      </symbol>
      <symbol id="sm-9cd">
         <name>_ldexpf</name>
         <value>0x863f0</value>
         <object_component_ref idref="oc-29b"/>
      </symbol>
      <symbol id="sm-9e5">
         <name>_sqrtl</name>
         <value>0x85af8</value>
         <object_component_ref idref="oc-297"/>
      </symbol>
      <symbol id="sm-9f3">
         <name>_fabsl</name>
         <value>0x86d5a</value>
         <object_component_ref idref="oc-23b"/>
      </symbol>
      <symbol id="sm-a00">
         <name>_copysignf</name>
         <value>0x86e44</value>
         <object_component_ref idref="oc-2a1"/>
      </symbol>
      <symbol id="sm-a02">
         <name>_copysign</name>
         <value>0x86e44</value>
         <object_component_ref idref="oc-2a1"/>
      </symbol>
      <symbol id="sm-a1d">
         <name>_c_int00</name>
         <value>0x86448</value>
         <object_component_ref idref="oc-149"/>
      </symbol>
      <symbol id="sm-a1e">
         <name>__stack</name>
         <value>0x400</value>
         <object_component_ref idref="oc-14a"/>
      </symbol>
      <symbol id="sm-a39">
         <name>FD$$ADD</name>
         <value>0x8589d</value>
         <object_component_ref idref="oc-150"/>
      </symbol>
      <symbol id="sm-a49">
         <name>FD$$CMP</name>
         <value>0x86992</value>
         <object_component_ref idref="oc-155"/>
      </symbol>
      <symbol id="sm-a5b">
         <name>FD$$MPY</name>
         <value>0x85e3f</value>
         <object_component_ref idref="oc-15a"/>
      </symbol>
      <symbol id="sm-a67">
         <name>FD$$SUB</name>
         <value>0x86ea0</value>
         <object_component_ref idref="oc-15f"/>
      </symbol>
      <symbol id="sm-a76">
         <name>FD$$TOI</name>
         <value>0x86b07</value>
         <object_component_ref idref="oc-164"/>
      </symbol>
      <symbol id="sm-a85">
         <name>FD$$TOL</name>
         <value>0x86b67</value>
         <object_component_ref idref="oc-169"/>
      </symbol>
      <symbol id="sm-a94">
         <name>FD$$TOU</name>
         <value>0x86cb3</value>
         <object_component_ref idref="oc-16e"/>
      </symbol>
      <symbol id="sm-aa3">
         <name>FD$$TOUL</name>
         <value>0x86c30</value>
         <object_component_ref idref="oc-173"/>
      </symbol>
      <symbol id="sm-ab4">
         <name>FS$$DIV</name>
         <value>0x85db7</value>
         <object_component_ref idref="oc-178"/>
      </symbol>
      <symbol id="sm-ac0">
         <name>LL$$AND</name>
         <value>0x86cfd</value>
         <object_component_ref idref="oc-17d"/>
      </symbol>
      <symbol id="sm-ac1">
         <name>LL$$OR</name>
         <value>0x86d05</value>
         <object_component_ref idref="oc-17d"/>
      </symbol>
      <symbol id="sm-ac2">
         <name>LL$$XOR</name>
         <value>0x86d0d</value>
         <object_component_ref idref="oc-17d"/>
      </symbol>
      <symbol id="sm-ad2">
         <name>I$$TOFD</name>
         <value>0x86ba4</value>
         <object_component_ref idref="oc-182"/>
      </symbol>
      <symbol id="sm-ade">
         <name>U$$MOD</name>
         <value>0x86ed8</value>
         <object_component_ref idref="oc-187"/>
      </symbol>
      <symbol id="sm-adf">
         <name>U$$DIV</name>
         <value>0x86ed3</value>
         <object_component_ref idref="oc-187"/>
      </symbol>
      <symbol id="sm-af0">
         <name>U$$TOFD</name>
         <value>0x86d71</value>
         <object_component_ref idref="oc-18c"/>
      </symbol>
      <symbol id="sm-afc">
         <name>UL$$MOD</name>
         <value>0x869e0</value>
         <object_component_ref idref="oc-191"/>
      </symbol>
      <symbol id="sm-afd">
         <name>L$$MOD</name>
         <value>0x869cb</value>
         <object_component_ref idref="oc-191"/>
      </symbol>
      <symbol id="sm-afe">
         <name>L$$DIV</name>
         <value>0x869bc</value>
         <object_component_ref idref="oc-191"/>
      </symbol>
      <symbol id="sm-aff">
         <name>UL$$DIV</name>
         <value>0x869d9</value>
         <object_component_ref idref="oc-191"/>
      </symbol>
      <symbol id="sm-b0f">
         <name>FS$$TOFD</name>
         <value>0x86bde</value>
         <object_component_ref idref="oc-196"/>
      </symbol>
      <symbol id="sm-b1f">
         <name>FD$$TOFS</name>
         <value>0x86a81</value>
         <object_component_ref idref="oc-19b"/>
      </symbol>
      <symbol id="sm-b36">
         <name>FD$$DIV</name>
         <value>0x85c1a</value>
         <object_component_ref idref="oc-1a0"/>
      </symbol>
      <symbol id="sm-b45">
         <name>_copy_in</name>
         <value>0x86a5d</value>
         <object_component_ref idref="oc-1e7"/>
      </symbol>
      <symbol id="sm-b57">
         <name>_memcpy</name>
         <value>0x86bc1</value>
         <object_component_ref idref="oc-201"/>
      </symbol>
      <symbol id="sm-b64">
         <name>__system_pre_init</name>
         <value>0x86f10</value>
         <object_component_ref idref="oc-1e6"/>
      </symbol>
      <symbol id="sm-b72">
         <name>__system_post_cinit</name>
         <value>0x83fff</value>
         <object_component_ref idref="oc-1e8"/>
      </symbol>
      <symbol id="sm-b87">
         <name>C$$EXIT</name>
         <value>0x869e6</value>
         <object_component_ref idref="oc-1ea"/>
      </symbol>
      <symbol id="sm-b88">
         <name>_exit</name>
         <value>0x869e8</value>
         <object_component_ref idref="oc-1ea"/>
      </symbol>
      <symbol id="sm-b8a">
         <name>___TI_cleanup_ptr</name>
         <value>0xaa6e</value>
         <object_component_ref idref="oc-1bb"/>
      </symbol>
      <symbol id="sm-b8b">
         <name>___TI_enable_exit_profile_output</name>
         <value>0xaa6c</value>
         <object_component_ref idref="oc-1bb"/>
      </symbol>
      <symbol id="sm-b8c">
         <name>_abort</name>
         <value>0x869e6</value>
         <object_component_ref idref="oc-1ea"/>
      </symbol>
      <symbol id="sm-b8e">
         <name>___TI_dtors_ptr</name>
         <value>0xaa70</value>
         <object_component_ref idref="oc-1bb"/>
      </symbol>
      <symbol id="sm-ba2">
         <name>__unlock</name>
         <value>0xaa76</value>
         <object_component_ref idref="oc-27c"/>
      </symbol>
      <symbol id="sm-ba3">
         <name>__lock</name>
         <value>0xa8be</value>
         <object_component_ref idref="oc-202"/>
      </symbol>
      <symbol id="sm-ba4">
         <name>__register_lock</name>
         <value>0x86eeb</value>
         <object_component_ref idref="oc-219"/>
      </symbol>
      <symbol id="sm-ba6">
         <name>__nop</name>
         <value>0x86eef</value>
         <object_component_ref idref="oc-219"/>
      </symbol>
      <symbol id="sm-ba8">
         <name>__register_unlock</name>
         <value>0x86ee7</value>
         <object_component_ref idref="oc-219"/>
      </symbol>
      <symbol id="sm-bb8">
         <name>__args_main</name>
         <value>0x86e21</value>
         <object_component_ref idref="oc-1e9"/>
      </symbol>
      <symbol id="sm-bc8">
         <name>_strcat</name>
         <value>0x86ef0</value>
         <object_component_ref idref="oc-282"/>
      </symbol>
      <symbol id="sm-bd6">
         <name>_strlen</name>
         <value>0x86f01</value>
         <object_component_ref idref="oc-260"/>
      </symbol>
      <symbol id="sm-be1">
         <name>_errno</name>
         <value>0xa93b</value>
         <object_component_ref idref="oc-1d6"/>
      </symbol>
   </symbol_table>
   <title>Link successful</title>
</link_info>
